  Boss.cpp
  Car.cpp
C:\Users\PC\Desktop\Doblas_Gerard_Zornoza_Hector_AA2\DoblasGerard_ZornozaHector_AA2_1\DoblasGerard_ZornozaHector_AA2_1\Map.h(41,8): warning C4099: 'Map': nombre de tipo visto anteriormente usando 'class' ahora se ve usando 'struct'
  (compilando archivo de origen "Car.cpp")
      C:\Users\PC\Desktop\Doblas_Gerard_Zornoza_Hector_AA2\DoblasGerard_ZornozaHector_AA2_1\DoblasGerard_ZornozaHector_AA2_1\Map.h(41,8):
      vea la declaración de 'Map'
  
C:\Users\PC\Desktop\Doblas_Gerard_Zornoza_Hector_AA2\DoblasGerard_ZornozaHector_AA2_1\DoblasGerard_ZornozaHector_AA2_1\Car.h(6,7): warning C4099: 'Map': nombre de tipo visto anteriormente usando 'struct' ahora se ve usando 'class'
  (compilando archivo de origen "Car.cpp")
      C:\Users\PC\Desktop\Doblas_Gerard_Zornoza_Hector_AA2\DoblasGerard_ZornozaHector_AA2_1\DoblasGerard_ZornozaHector_AA2_1\Map.h(41,8):
      vea la declaración de 'Map'
  
C:\Users\PC\Desktop\Doblas_Gerard_Zornoza_Hector_AA2\DoblasGerard_ZornozaHector_AA2_1\DoblasGerard_ZornozaHector_AA2_1\Car.h(7,7): warning C4099: 'CJ': nombre de tipo visto anteriormente usando 'struct' ahora se ve usando 'class'
  (compilando archivo de origen "Car.cpp")
      C:\Users\PC\Desktop\Doblas_Gerard_Zornoza_Hector_AA2\DoblasGerard_ZornozaHector_AA2_1\DoblasGerard_ZornozaHector_AA2_1\Player.h(34,8):
      vea la declaración de 'CJ'
  
  Main.cpp
C:\Users\PC\Desktop\Doblas_Gerard_Zornoza_Hector_AA2\DoblasGerard_ZornozaHector_AA2_1\DoblasGerard_ZornozaHector_AA2_1\Player.h(34,8): warning C4099: 'CJ': nombre de tipo visto anteriormente usando 'class' ahora se ve usando 'struct'
  (compilando archivo de origen "Main.cpp")
      C:\Users\PC\Desktop\Doblas_Gerard_Zornoza_Hector_AA2\DoblasGerard_ZornozaHector_AA2_1\DoblasGerard_ZornozaHector_AA2_1\Player.h(34,8):
      vea la declaración de 'CJ'
  
C:\Users\PC\Desktop\Doblas_Gerard_Zornoza_Hector_AA2\DoblasGerard_ZornozaHector_AA2_1\DoblasGerard_ZornozaHector_AA2_1\Map.h(41,8): warning C4099: 'Map': nombre de tipo visto anteriormente usando 'class' ahora se ve usando 'struct'
  (compilando archivo de origen "Main.cpp")
      C:\Users\PC\Desktop\Doblas_Gerard_Zornoza_Hector_AA2\DoblasGerard_ZornozaHector_AA2_1\DoblasGerard_ZornozaHector_AA2_1\Map.h(41,8):
      vea la declaración de 'Map'
  
C:\Users\PC\Desktop\Doblas_Gerard_Zornoza_Hector_AA2\DoblasGerard_ZornozaHector_AA2_1\DoblasGerard_ZornozaHector_AA2_1\Main.cpp(33,15): warning C4244: 'argumento': conversión de 'time_t' a 'unsigned int'; posible pérdida de datos
  Map.cpp
C:\Users\PC\Desktop\Doblas_Gerard_Zornoza_Hector_AA2\DoblasGerard_ZornozaHector_AA2_1\DoblasGerard_ZornozaHector_AA2_1\Player.h(34,8): warning C4099: 'CJ': nombre de tipo visto anteriormente usando 'class' ahora se ve usando 'struct'
  (compilando archivo de origen "Map.cpp")
      C:\Users\PC\Desktop\Doblas_Gerard_Zornoza_Hector_AA2\DoblasGerard_ZornozaHector_AA2_1\DoblasGerard_ZornozaHector_AA2_1\Player.h(34,8):
      vea la declaración de 'CJ'
  
C:\Users\PC\Desktop\Doblas_Gerard_Zornoza_Hector_AA2\DoblasGerard_ZornozaHector_AA2_1\DoblasGerard_ZornozaHector_AA2_1\Map.h(41,8): warning C4099: 'Map': nombre de tipo visto anteriormente usando 'class' ahora se ve usando 'struct'
  (compilando archivo de origen "Map.cpp")
      C:\Users\PC\Desktop\Doblas_Gerard_Zornoza_Hector_AA2\DoblasGerard_ZornozaHector_AA2_1\DoblasGerard_ZornozaHector_AA2_1\Map.h(41,8):
      vea la declaración de 'Map'
  
C:\Users\PC\Desktop\Doblas_Gerard_Zornoza_Hector_AA2\DoblasGerard_ZornozaHector_AA2_1\DoblasGerard_ZornozaHector_AA2_1\Map.cpp(5,15): warning C4244: 'argumento': conversión de 'time_t' a 'unsigned int'; posible pérdida de datos
  Player.cpp
C:\Users\PC\Desktop\Doblas_Gerard_Zornoza_Hector_AA2\DoblasGerard_ZornozaHector_AA2_1\DoblasGerard_ZornozaHector_AA2_1\Walker.h(7,7): warning C4099: 'Map': nombre de tipo visto anteriormente usando 'struct' ahora se ve usando 'class'
  (compilando archivo de origen "Player.cpp")
      C:\Users\PC\Desktop\Doblas_Gerard_Zornoza_Hector_AA2\DoblasGerard_ZornozaHector_AA2_1\DoblasGerard_ZornozaHector_AA2_1\Map.h(41,8):
      vea la declaración de 'Map'
  
C:\Users\PC\Desktop\Doblas_Gerard_Zornoza_Hector_AA2\DoblasGerard_ZornozaHector_AA2_1\DoblasGerard_ZornozaHector_AA2_1\Car.h(6,7): warning C4099: 'Map': nombre de tipo visto anteriormente usando 'struct' ahora se ve usando 'class'
  (compilando archivo de origen "Player.cpp")
      C:\Users\PC\Desktop\Doblas_Gerard_Zornoza_Hector_AA2\DoblasGerard_ZornozaHector_AA2_1\DoblasGerard_ZornozaHector_AA2_1\Map.h(41,8):
      vea la declaración de 'Map'
  
C:\Users\PC\Desktop\Doblas_Gerard_Zornoza_Hector_AA2\DoblasGerard_ZornozaHector_AA2_1\DoblasGerard_ZornozaHector_AA2_1\Player.h(12,7): warning C4099: 'Map': nombre de tipo visto anteriormente usando 'struct' ahora se ve usando 'class'
  (compilando archivo de origen "Player.cpp")
      C:\Users\PC\Desktop\Doblas_Gerard_Zornoza_Hector_AA2\DoblasGerard_ZornozaHector_AA2_1\DoblasGerard_ZornozaHector_AA2_1\Map.h(41,8):
      vea la declaración de 'Map'
  
C:\Users\PC\Desktop\Doblas_Gerard_Zornoza_Hector_AA2\DoblasGerard_ZornozaHector_AA2_1\DoblasGerard_ZornozaHector_AA2_1\Player.h(34,8): warning C4099: 'CJ': nombre de tipo visto anteriormente usando 'class' ahora se ve usando 'struct'
  (compilando archivo de origen "Player.cpp")
      C:\Users\PC\Desktop\Doblas_Gerard_Zornoza_Hector_AA2\DoblasGerard_ZornozaHector_AA2_1\DoblasGerard_ZornozaHector_AA2_1\Player.h(34,8):
      vea la declaración de 'CJ'
  
  Walker.cpp
C:\Users\PC\Desktop\Doblas_Gerard_Zornoza_Hector_AA2\DoblasGerard_ZornozaHector_AA2_1\DoblasGerard_ZornozaHector_AA2_1\Player.h(34,8): warning C4099: 'CJ': nombre de tipo visto anteriormente usando 'class' ahora se ve usando 'struct'
  (compilando archivo de origen "Walker.cpp")
      C:\Users\PC\Desktop\Doblas_Gerard_Zornoza_Hector_AA2\DoblasGerard_ZornozaHector_AA2_1\DoblasGerard_ZornozaHector_AA2_1\Player.h(34,8):
      vea la declaración de 'CJ'
  
C:\Users\PC\Desktop\Doblas_Gerard_Zornoza_Hector_AA2\DoblasGerard_ZornozaHector_AA2_1\DoblasGerard_ZornozaHector_AA2_1\Map.h(41,8): warning C4099: 'Map': nombre de tipo visto anteriormente usando 'class' ahora se ve usando 'struct'
  (compilando archivo de origen "Walker.cpp")
      C:\Users\PC\Desktop\Doblas_Gerard_Zornoza_Hector_AA2\DoblasGerard_ZornozaHector_AA2_1\DoblasGerard_ZornozaHector_AA2_1\Map.h(41,8):
      vea la declaración de 'Map'
  
C:\Users\PC\Desktop\Doblas_Gerard_Zornoza_Hector_AA2\DoblasGerard_ZornozaHector_AA2_1\DoblasGerard_ZornozaHector_AA2_1\Walker.h(7,7): warning C4099: 'Map': nombre de tipo visto anteriormente usando 'struct' ahora se ve usando 'class'
  (compilando archivo de origen "Walker.cpp")
      C:\Users\PC\Desktop\Doblas_Gerard_Zornoza_Hector_AA2\DoblasGerard_ZornozaHector_AA2_1\DoblasGerard_ZornozaHector_AA2_1\Map.h(41,8):
      vea la declaración de 'Map'
  
  Generando código...
  DoblasGerard_ZornozaHector_AA2_1.vcxproj -> C:\Users\PC\Desktop\Doblas_Gerard_Zornoza_Hector_AA2\DoblasGerard_ZornozaHector_AA2_1\x64\Debug\DoblasGerard_ZornozaHector_AA2_1.exe
